Archive member included because of file (symbol)

c:/freescale/kds_v3/toolchain/bin/../lib/gcc/arm-none-eabi/4.8.4/../../../../arm-none-eabi/lib/armv7e-m/fpu\libg_s.a(lib_a-exit.o)
                              c:/freescale/kds_v3/toolchain/bin/../lib/gcc/arm-none-eabi/4.8.4/../../../../arm-none-eabi/lib/armv7e-m/fpu/crt0.o (exit)
c:/freescale/kds_v3/toolchain/bin/../lib/gcc/arm-none-eabi/4.8.4/../../../../arm-none-eabi/lib/armv7e-m/fpu\libg_s.a(lib_a-impure.o)
                              c:/freescale/kds_v3/toolchain/bin/../lib/gcc/arm-none-eabi/4.8.4/../../../../arm-none-eabi/lib/armv7e-m/fpu\libg_s.a(lib_a-exit.o) (_global_impure_ptr)
c:/freescale/kds_v3/toolchain/bin/../lib/gcc/arm-none-eabi/4.8.4/../../../../arm-none-eabi/lib/armv7e-m/fpu\libg_s.a(lib_a-init.o)
                              c:/freescale/kds_v3/toolchain/bin/../lib/gcc/arm-none-eabi/4.8.4/../../../../arm-none-eabi/lib/armv7e-m/fpu/crt0.o (__libc_init_array)
c:/freescale/kds_v3/toolchain/bin/../lib/gcc/arm-none-eabi/4.8.4/../../../../arm-none-eabi/lib/armv7e-m/fpu\libg_s.a(lib_a-memset.o)
                              c:/freescale/kds_v3/toolchain/bin/../lib/gcc/arm-none-eabi/4.8.4/../../../../arm-none-eabi/lib/armv7e-m/fpu/crt0.o (memset)
c:/freescale/kds_v3/toolchain/bin/../lib/gcc/arm-none-eabi/4.8.4/../../../../arm-none-eabi/lib/armv7e-m/fpu\libnosys.a(_exit.o)
                              c:/freescale/kds_v3/toolchain/bin/../lib/gcc/arm-none-eabi/4.8.4/../../../../arm-none-eabi/lib/armv7e-m/fpu\libg_s.a(lib_a-exit.o) (_exit)

Allocating common symbols
Common symbol       size              file

SR_reg              0x1               ./Generated_Code/Cpu.o

Discarded input sections

 .text          0x00000000        0x0 c:/freescale/kds_v3/toolchain/bin/../lib/gcc/arm-none-eabi/4.8.4/armv7e-m/fpu/crti.o
 .data          0x00000000        0x0 c:/freescale/kds_v3/toolchain/bin/../lib/gcc/arm-none-eabi/4.8.4/armv7e-m/fpu/crti.o
 .bss           0x00000000        0x0 c:/freescale/kds_v3/toolchain/bin/../lib/gcc/arm-none-eabi/4.8.4/armv7e-m/fpu/crti.o
 .data          0x00000000        0x4 c:/freescale/kds_v3/toolchain/bin/../lib/gcc/arm-none-eabi/4.8.4/armv7e-m/fpu/crtbegin.o
 .data          0x00000000        0x0 c:/freescale/kds_v3/toolchain/bin/../lib/gcc/arm-none-eabi/4.8.4/../../../../arm-none-eabi/lib/armv7e-m/fpu/crt0.o
 .bss           0x00000000        0x0 c:/freescale/kds_v3/toolchain/bin/../lib/gcc/arm-none-eabi/4.8.4/../../../../arm-none-eabi/lib/armv7e-m/fpu/crt0.o
 .ARM.extab     0x00000000        0x0 c:/freescale/kds_v3/toolchain/bin/../lib/gcc/arm-none-eabi/4.8.4/../../../../arm-none-eabi/lib/armv7e-m/fpu/crt0.o
 .group         0x00000000        0x8 ./Sources/Events.o
 .group         0x00000000        0x8 ./Sources/Events.o
 .group         0x00000000        0x8 ./Sources/Events.o
 .group         0x00000000        0x8 ./Sources/Events.o
 .group         0x00000000        0x8 ./Sources/Events.o
 .group         0x00000000        0x8 ./Sources/Events.o
 .group         0x00000000        0x8 ./Sources/Events.o
 .group         0x00000000        0x8 ./Sources/Events.o
 .group         0x00000000        0x8 ./Sources/Events.o
 .group         0x00000000        0x8 ./Sources/Events.o
 .group         0x00000000        0x8 ./Sources/Events.o
 .group         0x00000000        0x8 ./Sources/Events.o
 .group         0x00000000        0x8 ./Sources/Events.o
 .group         0x00000000        0x8 ./Sources/Events.o
 .group         0x00000000        0x8 ./Sources/Events.o
 .group         0x00000000        0x8 ./Sources/Events.o
 .group         0x00000000        0x8 ./Sources/Events.o
 .group         0x00000000        0x8 ./Sources/Events.o
 .text          0x00000000        0x0 ./Sources/Events.o
 .data          0x00000000        0x0 ./Sources/Events.o
 .bss           0x00000000        0x0 ./Sources/Events.o
 .group         0x00000000        0x8 ./Sources/main.o
 .group         0x00000000        0x8 ./Sources/main.o
 .group         0x00000000        0x8 ./Sources/main.o
 .group         0x00000000        0x8 ./Sources/main.o
 .group         0x00000000        0x8 ./Sources/main.o
 .group         0x00000000        0x8 ./Sources/main.o
 .group         0x00000000        0x8 ./Sources/main.o
 .group         0x00000000        0x8 ./Sources/main.o
 .group         0x00000000        0x8 ./Sources/main.o
 .group         0x00000000        0x8 ./Sources/main.o
 .group         0x00000000        0x8 ./Sources/main.o
 .group         0x00000000        0x8 ./Sources/main.o
 .group         0x00000000        0x8 ./Sources/main.o
 .group         0x00000000        0x8 ./Sources/main.o
 .group         0x00000000        0x8 ./Sources/main.o
 .group         0x00000000        0x8 ./Sources/main.o
 .group         0x00000000        0x8 ./Sources/main.o
 .group         0x00000000        0x8 ./Sources/main.o
 .text          0x00000000        0x0 ./Sources/main.o
 .data          0x00000000        0x0 ./Sources/main.o
 .bss           0x00000000        0x0 ./Sources/main.o
 .debug_macro   0x00000000      0x850 ./Sources/main.o
 .debug_macro   0x00000000       0x16 ./Sources/main.o
 .debug_macro   0x00000000       0x44 ./Sources/main.o
 .debug_macro   0x00000000      0x209 ./Sources/main.o
 .debug_macro   0x00000000     0x1760 ./Sources/main.o
 .debug_macro   0x00000000      0x14e ./Sources/main.o
 .debug_macro   0x00000000       0x6a ./Sources/main.o
 .debug_macro   0x00000000     0xde57 ./Sources/main.o
 .debug_macro   0x00000000       0x94 ./Sources/main.o
 .debug_macro   0x00000000       0x94 ./Sources/main.o
 .debug_macro   0x00000000      0x12c ./Sources/main.o
 .debug_macro   0x00000000       0x4c ./Sources/main.o
 .debug_macro   0x00000000       0x2d ./Sources/main.o
 .debug_macro   0x00000000       0x52 ./Sources/main.o
 .debug_macro   0x00000000       0x2d ./Sources/main.o
 .debug_macro   0x00000000       0x22 ./Sources/main.o
 .debug_macro   0x00000000       0x22 ./Sources/main.o
 .debug_macro   0x00000000       0x37 ./Sources/main.o
 .group         0x00000000        0x8 ./Project_Settings/Startup_Code/startup.o
 .group         0x00000000        0x8 ./Project_Settings/Startup_Code/startup.o
 .group         0x00000000        0x8 ./Project_Settings/Startup_Code/startup.o
 .group         0x00000000        0x8 ./Project_Settings/Startup_Code/startup.o
 .group         0x00000000        0x8 ./Project_Settings/Startup_Code/startup.o
 .group         0x00000000        0x8 ./Project_Settings/Startup_Code/startup.o
 .group         0x00000000        0x8 ./Project_Settings/Startup_Code/startup.o
 .group         0x00000000        0x8 ./Project_Settings/Startup_Code/startup.o
 .group         0x00000000        0x8 ./Project_Settings/Startup_Code/startup.o
 .group         0x00000000        0x8 ./Project_Settings/Startup_Code/startup.o
 .group         0x00000000        0x8 ./Project_Settings/Startup_Code/startup.o
 .group         0x00000000        0x8 ./Project_Settings/Startup_Code/startup.o
 .group         0x00000000        0x8 ./Project_Settings/Startup_Code/startup.o
 .group         0x00000000        0x8 ./Project_Settings/Startup_Code/startup.o
 .group         0x00000000        0x8 ./Project_Settings/Startup_Code/startup.o
 .group         0x00000000        0x8 ./Project_Settings/Startup_Code/startup.o
 .group         0x00000000        0x8 ./Project_Settings/Startup_Code/startup.o
 .group         0x00000000        0x8 ./Project_Settings/Startup_Code/startup.o
 .group         0x00000000        0x8 ./Project_Settings/Startup_Code/startup.o
 .text          0x00000000        0x0 ./Project_Settings/Startup_Code/startup.o
 .data          0x00000000        0x0 ./Project_Settings/Startup_Code/startup.o
 .bss           0x00000000        0x0 ./Project_Settings/Startup_Code/startup.o
 .text.__init_hardware
                0x00000000        0xc ./Project_Settings/Startup_Code/startup.o
 .text.__iar_program_start
                0x00000000        0xc ./Project_Settings/Startup_Code/startup.o
 .debug_macro   0x00000000      0x850 ./Project_Settings/Startup_Code/startup.o
 .debug_macro   0x00000000       0x16 ./Project_Settings/Startup_Code/startup.o
 .group         0x00000000        0x8 ./Generated_Code/Bit1.o
 .group         0x00000000        0x8 ./Generated_Code/Bit1.o
 .group         0x00000000        0x8 ./Generated_Code/Bit1.o
 .group         0x00000000        0x8 ./Generated_Code/Bit1.o
 .group         0x00000000        0x8 ./Generated_Code/Bit1.o
 .group         0x00000000        0x8 ./Generated_Code/Bit1.o
 .group         0x00000000        0x8 ./Generated_Code/Bit1.o
 .group         0x00000000        0x8 ./Generated_Code/Bit1.o
 .group         0x00000000        0x8 ./Generated_Code/Bit1.o
 .group         0x00000000        0x8 ./Generated_Code/Bit1.o
 .group         0x00000000        0x8 ./Generated_Code/Bit1.o
 .group         0x00000000        0x8 ./Generated_Code/Bit1.o
 .group         0x00000000        0x8 ./Generated_Code/Bit1.o
 .text          0x00000000        0x0 ./Generated_Code/Bit1.o
 .data          0x00000000        0x0 ./Generated_Code/Bit1.o
 .bss           0x00000000        0x0 ./Generated_Code/Bit1.o
 .debug_info    0x00000000       0x7d ./Generated_Code/Bit1.o
 .debug_abbrev  0x00000000       0x29 ./Generated_Code/Bit1.o
 .debug_aranges
                0x00000000       0x18 ./Generated_Code/Bit1.o
 .debug_macro   0x00000000       0xb5 ./Generated_Code/Bit1.o
 .debug_macro   0x00000000      0x850 ./Generated_Code/Bit1.o
 .debug_macro   0x00000000       0x16 ./Generated_Code/Bit1.o
 .debug_macro   0x00000000       0x44 ./Generated_Code/Bit1.o
 .debug_macro   0x00000000      0x209 ./Generated_Code/Bit1.o
 .debug_macro   0x00000000     0x1760 ./Generated_Code/Bit1.o
 .debug_macro   0x00000000      0x14e ./Generated_Code/Bit1.o
 .debug_macro   0x00000000       0x6a ./Generated_Code/Bit1.o
 .debug_macro   0x00000000     0xde57 ./Generated_Code/Bit1.o
 .debug_macro   0x00000000       0x94 ./Generated_Code/Bit1.o
 .debug_macro   0x00000000      0x12c ./Generated_Code/Bit1.o
 .debug_macro   0x00000000       0x9a ./Generated_Code/Bit1.o
 .debug_macro   0x00000000       0x4c ./Generated_Code/Bit1.o
 .debug_macro   0x00000000       0x2d ./Generated_Code/Bit1.o
 .debug_line    0x00000000      0x280 ./Generated_Code/Bit1.o
 .debug_str     0x00000000    0x5897c ./Generated_Code/Bit1.o
 .comment       0x00000000       0x71 ./Generated_Code/Bit1.o
 .ARM.attributes
                0x00000000       0x39 ./Generated_Code/Bit1.o
 .group         0x00000000        0x8 ./Generated_Code/Bit2.o
 .group         0x00000000        0x8 ./Generated_Code/Bit2.o
 .group         0x00000000        0x8 ./Generated_Code/Bit2.o
 .group         0x00000000        0x8 ./Generated_Code/Bit2.o
 .group         0x00000000        0x8 ./Generated_Code/Bit2.o
 .group         0x00000000        0x8 ./Generated_Code/Bit2.o
 .group         0x00000000        0x8 ./Generated_Code/Bit2.o
 .group         0x00000000        0x8 ./Generated_Code/Bit2.o
 .group         0x00000000        0x8 ./Generated_Code/Bit2.o
 .group         0x00000000        0x8 ./Generated_Code/Bit2.o
 .group         0x00000000        0x8 ./Generated_Code/Bit2.o
 .group         0x00000000        0x8 ./Generated_Code/Bit2.o
 .group         0x00000000        0x8 ./Generated_Code/Bit2.o
 .text          0x00000000        0x0 ./Generated_Code/Bit2.o
 .data          0x00000000        0x0 ./Generated_Code/Bit2.o
 .bss           0x00000000        0x0 ./Generated_Code/Bit2.o
 .debug_info    0x00000000       0x7d ./Generated_Code/Bit2.o
 .debug_abbrev  0x00000000       0x29 ./Generated_Code/Bit2.o
 .debug_aranges
                0x00000000       0x18 ./Generated_Code/Bit2.o
 .debug_macro   0x00000000       0xb5 ./Generated_Code/Bit2.o
 .debug_macro   0x00000000      0x850 ./Generated_Code/Bit2.o
 .debug_macro   0x00000000       0x16 ./Generated_Code/Bit2.o
 .debug_macro   0x00000000       0x44 ./Generated_Code/Bit2.o
 .debug_macro   0x00000000      0x209 ./Generated_Code/Bit2.o
 .debug_macro   0x00000000     0x1760 ./Generated_Code/Bit2.o
 .debug_macro   0x00000000      0x14e ./Generated_Code/Bit2.o
 .debug_macro   0x00000000       0x6a ./Generated_Code/Bit2.o
 .debug_macro   0x00000000     0xde57 ./Generated_Code/Bit2.o
 .debug_macro   0x00000000       0x94 ./Generated_Code/Bit2.o
 .debug_macro   0x00000000      0x12c ./Generated_Code/Bit2.o
 .debug_macro   0x00000000       0x9a ./Generated_Code/Bit2.o
 .debug_macro   0x00000000       0x4c ./Generated_Code/Bit2.o
 .debug_macro   0x00000000       0x2d ./Generated_Code/Bit2.o
 .debug_line    0x00000000      0x280 ./Generated_Code/Bit2.o
 .debug_str     0x00000000    0x5897e ./Generated_Code/Bit2.o
 .comment       0x00000000       0x71 ./Generated_Code/Bit2.o
 .ARM.attributes
                0x00000000       0x39 ./Generated_Code/Bit2.o
 .group         0x00000000        0x8 ./Generated_Code/BitIoLdd1.o
 .group         0x00000000        0x8 ./Generated_Code/BitIoLdd1.o
 .group         0x00000000        0x8 ./Generated_Code/BitIoLdd1.o
 .group         0x00000000        0x8 ./Generated_Code/BitIoLdd1.o
 .group         0x00000000        0x8 ./Generated_Code/BitIoLdd1.o
 .group         0x00000000        0x8 ./Generated_Code/BitIoLdd1.o
 .group         0x00000000        0x8 ./Generated_Code/BitIoLdd1.o
 .group         0x00000000        0x8 ./Generated_Code/BitIoLdd1.o
 .group         0x00000000        0x8 ./Generated_Code/BitIoLdd1.o
 .group         0x00000000        0x8 ./Generated_Code/BitIoLdd1.o
 .group         0x00000000        0x8 ./Generated_Code/BitIoLdd1.o
 .group         0x00000000        0x8 ./Generated_Code/BitIoLdd1.o
 .text          0x00000000        0x0 ./Generated_Code/BitIoLdd1.o
 .data          0x00000000        0x0 ./Generated_Code/BitIoLdd1.o
 .bss           0x00000000        0x0 ./Generated_Code/BitIoLdd1.o
 .text.BitIoLdd1_SetDir
                0x00000000       0x3c ./Generated_Code/BitIoLdd1.o
 .text.BitIoLdd1_GetVal
                0x00000000       0x48 ./Generated_Code/BitIoLdd1.o
 .text.BitIoLdd1_PutVal
                0x00000000       0x30 ./Generated_Code/BitIoLdd1.o
 .text.BitIoLdd1_ClrVal
                0x00000000       0x1c ./Generated_Code/BitIoLdd1.o
 .text.BitIoLdd1_SetVal
                0x00000000       0x1c ./Generated_Code/BitIoLdd1.o
 .debug_macro   0x00000000      0x850 ./Generated_Code/BitIoLdd1.o
 .debug_macro   0x00000000       0x16 ./Generated_Code/BitIoLdd1.o
 .debug_macro   0x00000000       0x44 ./Generated_Code/BitIoLdd1.o
 .debug_macro   0x00000000      0x209 ./Generated_Code/BitIoLdd1.o
 .debug_macro   0x00000000     0x1760 ./Generated_Code/BitIoLdd1.o
 .debug_macro   0x00000000      0x14e ./Generated_Code/BitIoLdd1.o
 .debug_macro   0x00000000       0x6a ./Generated_Code/BitIoLdd1.o
 .debug_macro   0x00000000     0xde57 ./Generated_Code/BitIoLdd1.o
 .debug_macro   0x00000000       0x94 ./Generated_Code/BitIoLdd1.o
 .debug_macro   0x00000000      0x12c ./Generated_Code/BitIoLdd1.o
 .debug_macro   0x00000000       0x9a ./Generated_Code/BitIoLdd1.o
 .debug_macro   0x00000000       0x4c ./Generated_Code/BitIoLdd1.o
 .group         0x00000000        0x8 ./Generated_Code/BitIoLdd2.o
 .group         0x00000000        0x8 ./Generated_Code/BitIoLdd2.o
 .group         0x00000000        0x8 ./Generated_Code/BitIoLdd2.o
 .group         0x00000000        0x8 ./Generated_Code/BitIoLdd2.o
 .group         0x00000000        0x8 ./Generated_Code/BitIoLdd2.o
 .group         0x00000000        0x8 ./Generated_Code/BitIoLdd2.o
 .group         0x00000000        0x8 ./Generated_Code/BitIoLdd2.o
 .group         0x00000000        0x8 ./Generated_Code/BitIoLdd2.o
 .group         0x00000000        0x8 ./Generated_Code/BitIoLdd2.o
 .group         0x00000000        0x8 ./Generated_Code/BitIoLdd2.o
 .group         0x00000000        0x8 ./Generated_Code/BitIoLdd2.o
 .group         0x00000000        0x8 ./Generated_Code/BitIoLdd2.o
 .text          0x00000000        0x0 ./Generated_Code/BitIoLdd2.o
 .data          0x00000000        0x0 ./Generated_Code/BitIoLdd2.o
 .bss           0x00000000        0x0 ./Generated_Code/BitIoLdd2.o
 .text.BitIoLdd2_SetDir
                0x00000000       0x3c ./Generated_Code/BitIoLdd2.o
 .text.BitIoLdd2_GetVal
                0x00000000       0x48 ./Generated_Code/BitIoLdd2.o
 .text.BitIoLdd2_PutVal
                0x00000000       0x34 ./Generated_Code/BitIoLdd2.o
 .text.BitIoLdd2_ClrVal
                0x00000000       0x20 ./Generated_Code/BitIoLdd2.o
 .text.BitIoLdd2_SetVal
                0x00000000       0x20 ./Generated_Code/BitIoLdd2.o
 .debug_macro   0x00000000      0x850 ./Generated_Code/BitIoLdd2.o
 .debug_macro   0x00000000       0x16 ./Generated_Code/BitIoLdd2.o
 .debug_macro   0x00000000       0x44 ./Generated_Code/BitIoLdd2.o
 .debug_macro   0x00000000      0x209 ./Generated_Code/BitIoLdd2.o
 .debug_macro   0x00000000     0x1760 ./Generated_Code/BitIoLdd2.o
 .debug_macro   0x00000000      0x14e ./Generated_Code/BitIoLdd2.o
 .debug_macro   0x00000000       0x6a ./Generated_Code/BitIoLdd2.o
 .debug_macro   0x00000000     0xde57 ./Generated_Code/BitIoLdd2.o
 .debug_macro   0x00000000       0x94 ./Generated_Code/BitIoLdd2.o
 .debug_macro   0x00000000      0x12c ./Generated_Code/BitIoLdd2.o
 .debug_macro   0x00000000       0x9a ./Generated_Code/BitIoLdd2.o
 .debug_macro   0x00000000       0x4c ./Generated_Code/BitIoLdd2.o
 .group         0x00000000        0x8 ./Generated_Code/Cpu.o
 .group         0x00000000        0x8 ./Generated_Code/Cpu.o
 .group         0x00000000        0x8 ./Generated_Code/Cpu.o
 .group         0x00000000        0x8 ./Generated_Code/Cpu.o
 .group         0x00000000        0x8 ./Generated_Code/Cpu.o
 .group         0x00000000        0x8 ./Generated_Code/Cpu.o
 .group         0x00000000        0x8 ./Generated_Code/Cpu.o
 .group         0x00000000        0x8 ./Generated_Code/Cpu.o
 .group         0x00000000        0x8 ./Generated_Code/Cpu.o
 .group         0x00000000        0x8 ./Generated_Code/Cpu.o
 .group         0x00000000        0x8 ./Generated_Code/Cpu.o
 .group         0x00000000        0x8 ./Generated_Code/Cpu.o
 .group         0x00000000        0x8 ./Generated_Code/Cpu.o
 .group         0x00000000        0x8 ./Generated_Code/Cpu.o
 .group         0x00000000        0x8 ./Generated_Code/Cpu.o
 .group         0x00000000        0x8 ./Generated_Code/Cpu.o
 .group         0x00000000        0x8 ./Generated_Code/Cpu.o
 .group         0x00000000        0x8 ./Generated_Code/Cpu.o
 .text          0x00000000        0x0 ./Generated_Code/Cpu.o
 .data          0x00000000        0x0 ./Generated_Code/Cpu.o
 .bss           0x00000000        0x0 ./Generated_Code/Cpu.o
 .bss.SR_lock   0x00000000        0x1 ./Generated_Code/Cpu.o
 .debug_macro   0x00000000      0x850 ./Generated_Code/Cpu.o
 .debug_macro   0x00000000       0x16 ./Generated_Code/Cpu.o
 .debug_macro   0x00000000       0x44 ./Generated_Code/Cpu.o
 .debug_macro   0x00000000      0x209 ./Generated_Code/Cpu.o
 .debug_macro   0x00000000     0x1760 ./Generated_Code/Cpu.o
 .debug_macro   0x00000000      0x14e ./Generated_Code/Cpu.o
 .debug_macro   0x00000000       0x6a ./Generated_Code/Cpu.o
 .debug_macro   0x00000000     0xde57 ./Generated_Code/Cpu.o
 .debug_macro   0x00000000       0x94 ./Generated_Code/Cpu.o
 .debug_macro   0x00000000      0x12c ./Generated_Code/Cpu.o
 .debug_macro   0x00000000       0x9a ./Generated_Code/Cpu.o
 .debug_macro   0x00000000       0x4c ./Generated_Code/Cpu.o
 .debug_macro   0x00000000       0x2d ./Generated_Code/Cpu.o
 .debug_macro   0x00000000       0x52 ./Generated_Code/Cpu.o
 .debug_macro   0x00000000       0x2d ./Generated_Code/Cpu.o
 .debug_macro   0x00000000       0x22 ./Generated_Code/Cpu.o
 .debug_macro   0x00000000       0x22 ./Generated_Code/Cpu.o
 .debug_macro   0x00000000       0x37 ./Generated_Code/Cpu.o
 COMMON         0x00000000        0x1 ./Generated_Code/Cpu.o
 .group         0x00000000        0x8 ./Generated_Code/KSDK1.o
 .group         0x00000000        0x8 ./Generated_Code/KSDK1.o
 .group         0x00000000        0x8 ./Generated_Code/KSDK1.o
 .group         0x00000000        0x8 ./Generated_Code/KSDK1.o
 .group         0x00000000        0x8 ./Generated_Code/KSDK1.o
 .group         0x00000000        0x8 ./Generated_Code/KSDK1.o
 .group         0x00000000        0x8 ./Generated_Code/KSDK1.o
 .group         0x00000000        0x8 ./Generated_Code/KSDK1.o
 .group         0x00000000        0x8 ./Generated_Code/KSDK1.o
 .group         0x00000000        0x8 ./Generated_Code/KSDK1.o
 .group         0x00000000        0x8 ./Generated_Code/KSDK1.o
 .text          0x00000000        0x0 ./Generated_Code/KSDK1.o
 .data          0x00000000        0x0 ./Generated_Code/KSDK1.o
 .bss           0x00000000        0x0 ./Generated_Code/KSDK1.o
 .debug_info    0x00000000       0x84 ./Generated_Code/KSDK1.o
 .debug_abbrev  0x00000000       0x29 ./Generated_Code/KSDK1.o
 .debug_aranges
                0x00000000       0x18 ./Generated_Code/KSDK1.o
 .debug_macro   0x00000000       0x8b ./Generated_Code/KSDK1.o
 .debug_macro   0x00000000      0x850 ./Generated_Code/KSDK1.o
 .debug_macro   0x00000000       0x22 ./Generated_Code/KSDK1.o
 .debug_macro   0x00000000       0x16 ./Generated_Code/KSDK1.o
 .debug_macro   0x00000000       0x44 ./Generated_Code/KSDK1.o
 .debug_macro   0x00000000      0x209 ./Generated_Code/KSDK1.o
 .debug_macro   0x00000000       0x22 ./Generated_Code/KSDK1.o
 .debug_macro   0x00000000     0x1766 ./Generated_Code/KSDK1.o
 .debug_macro   0x00000000      0x14e ./Generated_Code/KSDK1.o
 .debug_macro   0x00000000       0x6a ./Generated_Code/KSDK1.o
 .debug_macro   0x00000000     0xde57 ./Generated_Code/KSDK1.o
 .debug_macro   0x00000000       0x9a ./Generated_Code/KSDK1.o
 .debug_line    0x00000000      0x214 ./Generated_Code/KSDK1.o
 .debug_str     0x00000000    0x579cc ./Generated_Code/KSDK1.o
 .comment       0x00000000       0x71 ./Generated_Code/KSDK1.o
 .ARM.attributes
                0x00000000       0x39 ./Generated_Code/KSDK1.o
 .group         0x00000000        0x8 ./Generated_Code/PE_LDD.o
 .group         0x00000000        0x8 ./Generated_Code/PE_LDD.o
 .group         0x00000000        0x8 ./Generated_Code/PE_LDD.o
 .group         0x00000000        0x8 ./Generated_Code/PE_LDD.o
 .group         0x00000000        0x8 ./Generated_Code/PE_LDD.o
 .group         0x00000000        0x8 ./Generated_Code/PE_LDD.o
 .group         0x00000000        0x8 ./Generated_Code/PE_LDD.o
 .group         0x00000000        0x8 ./Generated_Code/PE_LDD.o
 .group         0x00000000        0x8 ./Generated_Code/PE_LDD.o
 .group         0x00000000        0x8 ./Generated_Code/PE_LDD.o
 .group         0x00000000        0x8 ./Generated_Code/PE_LDD.o
 .group         0x00000000        0x8 ./Generated_Code/PE_LDD.o
 .group         0x00000000        0x8 ./Generated_Code/PE_LDD.o
 .group         0x00000000        0x8 ./Generated_Code/PE_LDD.o
 .group         0x00000000        0x8 ./Generated_Code/PE_LDD.o
 .group         0x00000000        0x8 ./Generated_Code/PE_LDD.o
 .group         0x00000000        0x8 ./Generated_Code/PE_LDD.o
 .group         0x00000000        0x8 ./Generated_Code/PE_LDD.o
 .text          0x00000000        0x0 ./Generated_Code/PE_LDD.o
 .data          0x00000000        0x0 ./Generated_Code/PE_LDD.o
 .bss           0x00000000        0x0 ./Generated_Code/PE_LDD.o
 .rodata.PE_CpuClockConfigurations
                0x00000000       0x28 ./Generated_Code/PE_LDD.o
 .text.PE_FillMemory
                0x00000000       0x24 ./Generated_Code/PE_LDD.o
 .text.PE_PeripheralUsed
                0x00000000       0x38 ./Generated_Code/PE_LDD.o
 .text.LDD_SetClockConfiguration
                0x00000000       0x14 ./Generated_Code/PE_LDD.o
 .debug_macro   0x00000000      0x850 ./Generated_Code/PE_LDD.o
 .debug_macro   0x00000000       0x16 ./Generated_Code/PE_LDD.o
 .debug_macro   0x00000000       0x44 ./Generated_Code/PE_LDD.o
 .debug_macro   0x00000000      0x209 ./Generated_Code/PE_LDD.o
 .debug_macro   0x00000000     0x1760 ./Generated_Code/PE_LDD.o
 .debug_macro   0x00000000      0x14e ./Generated_Code/PE_LDD.o
 .debug_macro   0x00000000       0x6a ./Generated_Code/PE_LDD.o
 .debug_macro   0x00000000     0xde57 ./Generated_Code/PE_LDD.o
 .debug_macro   0x00000000       0x94 ./Generated_Code/PE_LDD.o
 .debug_macro   0x00000000      0x12c ./Generated_Code/PE_LDD.o
 .debug_macro   0x00000000       0x9a ./Generated_Code/PE_LDD.o
 .debug_macro   0x00000000       0x4c ./Generated_Code/PE_LDD.o
 .debug_macro   0x00000000       0x2d ./Generated_Code/PE_LDD.o
 .debug_macro   0x00000000       0x52 ./Generated_Code/PE_LDD.o
 .debug_macro   0x00000000       0x2d ./Generated_Code/PE_LDD.o
 .debug_macro   0x00000000       0x22 ./Generated_Code/PE_LDD.o
 .debug_macro   0x00000000       0x22 ./Generated_Code/PE_LDD.o
 .debug_macro   0x00000000       0x37 ./Generated_Code/PE_LDD.o
 .group         0x00000000        0x8 ./Generated_Code/Vectors.o
 .group         0x00000000        0x8 ./Generated_Code/Vectors.o
 .group         0x00000000        0x8 ./Generated_Code/Vectors.o
 .group         0x00000000        0x8 ./Generated_Code/Vectors.o
 .group         0x00000000        0x8 ./Generated_Code/Vectors.o
 .group         0x00000000        0x8 ./Generated_Code/Vectors.o
 .group         0x00000000        0x8 ./Generated_Code/Vectors.o
 .group         0x00000000        0x8 ./Generated_Code/Vectors.o
 .group         0x00000000        0x8 ./Generated_Code/Vectors.o
 .group         0x00000000        0x8 ./Generated_Code/Vectors.o
 .group         0x00000000        0x8 ./Generated_Code/Vectors.o
 .group         0x00000000        0x8 ./Generated_Code/Vectors.o
 .group         0x00000000        0x8 ./Generated_Code/Vectors.o
 .group         0x00000000        0x8 ./Generated_Code/Vectors.o
 .group         0x00000000        0x8 ./Generated_Code/Vectors.o
 .group         0x00000000        0x8 ./Generated_Code/Vectors.o
 .group         0x00000000        0x8 ./Generated_Code/Vectors.o
 .group         0x00000000        0x8 ./Generated_Code/Vectors.o
 .text          0x00000000        0x0 ./Generated_Code/Vectors.o
 .data          0x00000000        0x0 ./Generated_Code/Vectors.o
 .bss           0x00000000        0x0 ./Generated_Code/Vectors.o
 .debug_macro   0x00000000      0x850 ./Generated_Code/Vectors.o
 .debug_macro   0x00000000       0x16 ./Generated_Code/Vectors.o
 .debug_macro   0x00000000       0x44 ./Generated_Code/Vectors.o
 .debug_macro   0x00000000      0x209 ./Generated_Code/Vectors.o
 .debug_macro   0x00000000     0x1760 ./Generated_Code/Vectors.o
 .debug_macro   0x00000000      0x14e ./Generated_Code/Vectors.o
 .debug_macro   0x00000000       0x6a ./Generated_Code/Vectors.o
 .debug_macro   0x00000000     0xde57 ./Generated_Code/Vectors.o
 .debug_macro   0x00000000       0x94 ./Generated_Code/Vectors.o
 .debug_macro   0x00000000       0x94 ./Generated_Code/Vectors.o
 .debug_macro   0x00000000      0x12c ./Generated_Code/Vectors.o
 .debug_macro   0x00000000       0x4c ./Generated_Code/Vectors.o
 .debug_macro   0x00000000       0x2d ./Generated_Code/Vectors.o
 .debug_macro   0x00000000       0x52 ./Generated_Code/Vectors.o
 .debug_macro   0x00000000       0x2d ./Generated_Code/Vectors.o
 .debug_macro   0x00000000       0x22 ./Generated_Code/Vectors.o
 .debug_macro   0x00000000       0x22 ./Generated_Code/Vectors.o
 .debug_macro   0x00000000       0x37 ./Generated_Code/Vectors.o
 .group         0x00000000        0x8 ./Generated_Code/WAIT1.o
 .group         0x00000000        0x8 ./Generated_Code/WAIT1.o
 .group         0x00000000        0x8 ./Generated_Code/WAIT1.o
 .group         0x00000000        0x8 ./Generated_Code/WAIT1.o
 .group         0x00000000        0x8 ./Generated_Code/WAIT1.o
 .group         0x00000000        0x8 ./Generated_Code/WAIT1.o
 .group         0x00000000        0x8 ./Generated_Code/WAIT1.o
 .group         0x00000000        0x8 ./Generated_Code/WAIT1.o
 .group         0x00000000        0x8 ./Generated_Code/WAIT1.o
 .group         0x00000000        0x8 ./Generated_Code/WAIT1.o
 .group         0x00000000        0x8 ./Generated_Code/WAIT1.o
 .group         0x00000000        0x8 ./Generated_Code/WAIT1.o
 .text          0x00000000        0x0 ./Generated_Code/WAIT1.o
 .data          0x00000000        0x0 ./Generated_Code/WAIT1.o
 .bss           0x00000000        0x0 ./Generated_Code/WAIT1.o
 .debug_macro   0x00000000      0x850 ./Generated_Code/WAIT1.o
 .debug_macro   0x00000000       0x22 ./Generated_Code/WAIT1.o
 .debug_macro   0x00000000       0x16 ./Generated_Code/WAIT1.o
 .debug_macro   0x00000000       0x44 ./Generated_Code/WAIT1.o
 .debug_macro   0x00000000      0x209 ./Generated_Code/WAIT1.o
 .debug_macro   0x00000000       0x22 ./Generated_Code/WAIT1.o
 .debug_macro   0x00000000     0x1766 ./Generated_Code/WAIT1.o
 .debug_macro   0x00000000      0x14e ./Generated_Code/WAIT1.o
 .debug_macro   0x00000000       0x6a ./Generated_Code/WAIT1.o
 .debug_macro   0x00000000     0xde57 ./Generated_Code/WAIT1.o
 .debug_macro   0x00000000       0x9a ./Generated_Code/WAIT1.o
 .debug_macro   0x00000000       0x37 ./Generated_Code/WAIT1.o
 .text          0x00000000        0x0 c:/freescale/kds_v3/toolchain/bin/../lib/gcc/arm-none-eabi/4.8.4/../../../../arm-none-eabi/lib/armv7e-m/fpu\libg_s.a(lib_a-exit.o)
 .data          0x00000000        0x0 c:/freescale/kds_v3/toolchain/bin/../lib/gcc/arm-none-eabi/4.8.4/../../../../arm-none-eabi/lib/armv7e-m/fpu\libg_s.a(lib_a-exit.o)
 .bss           0x00000000        0x0 c:/freescale/kds_v3/toolchain/bin/../lib/gcc/arm-none-eabi/4.8.4/../../../../arm-none-eabi/lib/armv7e-m/fpu\libg_s.a(lib_a-exit.o)
 .text          0x00000000        0x0 c:/freescale/kds_v3/toolchain/bin/../lib/gcc/arm-none-eabi/4.8.4/../../../../arm-none-eabi/lib/armv7e-m/fpu\libg_s.a(lib_a-impure.o)
 .data          0x00000000        0x0 c:/freescale/kds_v3/toolchain/bin/../lib/gcc/arm-none-eabi/4.8.4/../../../../arm-none-eabi/lib/armv7e-m/fpu\libg_s.a(lib_a-impure.o)
 .bss           0x00000000        0x0 c:/freescale/kds_v3/toolchain/bin/../lib/gcc/arm-none-eabi/4.8.4/../../../../arm-none-eabi/lib/armv7e-m/fpu\libg_s.a(lib_a-impure.o)
 .data._impure_ptr
                0x00000000        0x4 c:/freescale/kds_v3/toolchain/bin/../lib/gcc/arm-none-eabi/4.8.4/../../../../arm-none-eabi/lib/armv7e-m/fpu\libg_s.a(lib_a-impure.o)
 .text          0x00000000        0x0 c:/freescale/kds_v3/toolchain/bin/../lib/gcc/arm-none-eabi/4.8.4/../../../../arm-none-eabi/lib/armv7e-m/fpu\libg_s.a(lib_a-init.o)
 .data          0x00000000        0x0 c:/freescale/kds_v3/toolchain/bin/../lib/gcc/arm-none-eabi/4.8.4/../../../../arm-none-eabi/lib/armv7e-m/fpu\libg_s.a(lib_a-init.o)
 .bss           0x00000000        0x0 c:/freescale/kds_v3/toolchain/bin/../lib/gcc/arm-none-eabi/4.8.4/../../../../arm-none-eabi/lib/armv7e-m/fpu\libg_s.a(lib_a-init.o)
 .text          0x00000000        0x0 c:/freescale/kds_v3/toolchain/bin/../lib/gcc/arm-none-eabi/4.8.4/../../../../arm-none-eabi/lib/armv7e-m/fpu\libg_s.a(lib_a-memset.o)
 .data          0x00000000        0x0 c:/freescale/kds_v3/toolchain/bin/../lib/gcc/arm-none-eabi/4.8.4/../../../../arm-none-eabi/lib/armv7e-m/fpu\libg_s.a(lib_a-memset.o)
 .bss           0x00000000        0x0 c:/freescale/kds_v3/toolchain/bin/../lib/gcc/arm-none-eabi/4.8.4/../../../../arm-none-eabi/lib/armv7e-m/fpu\libg_s.a(lib_a-memset.o)
 .text          0x00000000        0x0 c:/freescale/kds_v3/toolchain/bin/../lib/gcc/arm-none-eabi/4.8.4/../../../../arm-none-eabi/lib/armv7e-m/fpu\libnosys.a(_exit.o)
 .data          0x00000000        0x0 c:/freescale/kds_v3/toolchain/bin/../lib/gcc/arm-none-eabi/4.8.4/../../../../arm-none-eabi/lib/armv7e-m/fpu\libnosys.a(_exit.o)
 .bss           0x00000000        0x0 c:/freescale/kds_v3/toolchain/bin/../lib/gcc/arm-none-eabi/4.8.4/../../../../arm-none-eabi/lib/armv7e-m/fpu\libnosys.a(_exit.o)
 .text          0x00000000        0x0 c:/freescale/kds_v3/toolchain/bin/../lib/gcc/arm-none-eabi/4.8.4/armv7e-m/fpu/crtend.o
 .data          0x00000000        0x0 c:/freescale/kds_v3/toolchain/bin/../lib/gcc/arm-none-eabi/4.8.4/armv7e-m/fpu/crtend.o
 .bss           0x00000000        0x0 c:/freescale/kds_v3/toolchain/bin/../lib/gcc/arm-none-eabi/4.8.4/armv7e-m/fpu/crtend.o
 .eh_frame      0x00000000        0x4 c:/freescale/kds_v3/toolchain/bin/../lib/gcc/arm-none-eabi/4.8.4/armv7e-m/fpu/crtend.o
 .jcr           0x00000000        0x4 c:/freescale/kds_v3/toolchain/bin/../lib/gcc/arm-none-eabi/4.8.4/armv7e-m/fpu/crtend.o
 .ARM.attributes
                0x00000000       0x34 c:/freescale/kds_v3/toolchain/bin/../lib/gcc/arm-none-eabi/4.8.4/armv7e-m/fpu/crtend.o
 .text          0x00000000        0x0 c:/freescale/kds_v3/toolchain/bin/../lib/gcc/arm-none-eabi/4.8.4/armv7e-m/fpu/crtn.o
 .data          0x00000000        0x0 c:/freescale/kds_v3/toolchain/bin/../lib/gcc/arm-none-eabi/4.8.4/armv7e-m/fpu/crtn.o
 .bss           0x00000000        0x0 c:/freescale/kds_v3/toolchain/bin/../lib/gcc/arm-none-eabi/4.8.4/armv7e-m/fpu/crtn.o

Memory Configuration

Name             Origin             Length             Attributes
m_interrupts     0x00000000         0x00000188         xr
m_text           0x00000410         0x0007fbf0         xr
m_data           0x1fff8000         0x00008000         rw
m_data_20000000  0x20000000         0x00008000         rw
m_cfmprotrom     0x00000400         0x00000010         xr
*default*        0x00000000         0xffffffff

Linker script and memory map

LOAD c:/freescale/kds_v3/toolchain/bin/../lib/gcc/arm-none-eabi/4.8.4/armv7e-m/fpu/crti.o
LOAD c:/freescale/kds_v3/toolchain/bin/../lib/gcc/arm-none-eabi/4.8.4/armv7e-m/fpu/crtbegin.o
LOAD c:/freescale/kds_v3/toolchain/bin/../lib/gcc/arm-none-eabi/4.8.4/../../../../arm-none-eabi/lib/armv7e-m/fpu/crt0.o
LOAD ./Sources/Events.o
LOAD ./Sources/main.o
LOAD ./Project_Settings/Startup_Code/startup.o
LOAD ./Generated_Code/Bit1.o
LOAD ./Generated_Code/Bit2.o
LOAD ./Generated_Code/BitIoLdd1.o
LOAD ./Generated_Code/BitIoLdd2.o
LOAD ./Generated_Code/Cpu.o
LOAD ./Generated_Code/KSDK1.o
LOAD ./Generated_Code/PE_LDD.o
LOAD ./Generated_Code/Vectors.o
LOAD ./Generated_Code/WAIT1.o
LOAD c:/freescale/kds_v3/toolchain/bin/../lib/gcc/arm-none-eabi/4.8.4/../../../../arm-none-eabi/lib/armv7e-m/fpu\libstdc++_s.a
LOAD c:/freescale/kds_v3/toolchain/bin/../lib/gcc/arm-none-eabi/4.8.4/../../../../arm-none-eabi/lib/armv7e-m/fpu\libm.a
START GROUP
LOAD c:/freescale/kds_v3/toolchain/bin/../lib/gcc/arm-none-eabi/4.8.4/armv7e-m/fpu\libgcc.a
LOAD c:/freescale/kds_v3/toolchain/bin/../lib/gcc/arm-none-eabi/4.8.4/../../../../arm-none-eabi/lib/armv7e-m/fpu\libg_s.a
LOAD c:/freescale/kds_v3/toolchain/bin/../lib/gcc/arm-none-eabi/4.8.4/../../../../arm-none-eabi/lib/armv7e-m/fpu\libc_s.a
END GROUP
START GROUP
LOAD c:/freescale/kds_v3/toolchain/bin/../lib/gcc/arm-none-eabi/4.8.4/armv7e-m/fpu\libgcc.a
LOAD c:/freescale/kds_v3/toolchain/bin/../lib/gcc/arm-none-eabi/4.8.4/../../../../arm-none-eabi/lib/armv7e-m/fpu\libc_s.a
LOAD c:/freescale/kds_v3/toolchain/bin/../lib/gcc/arm-none-eabi/4.8.4/../../../../arm-none-eabi/lib/armv7e-m/fpu\libnosys.a
END GROUP
START GROUP
LOAD c:/freescale/kds_v3/toolchain/bin/../lib/gcc/arm-none-eabi/4.8.4/armv7e-m/fpu\libgcc.a
LOAD c:/freescale/kds_v3/toolchain/bin/../lib/gcc/arm-none-eabi/4.8.4/../../../../arm-none-eabi/lib/armv7e-m/fpu\libc_s.a
LOAD c:/freescale/kds_v3/toolchain/bin/../lib/gcc/arm-none-eabi/4.8.4/../../../../arm-none-eabi/lib/armv7e-m/fpu\libnosys.a
END GROUP
LOAD c:/freescale/kds_v3/toolchain/bin/../lib/gcc/arm-none-eabi/4.8.4/armv7e-m/fpu/crtend.o
LOAD c:/freescale/kds_v3/toolchain/bin/../lib/gcc/arm-none-eabi/4.8.4/armv7e-m/fpu/crtn.o
                0x20000000                _estack = 0x20000000
                0x20000000                __SP_INIT = _estack
                0x20000000                __stack = _estack
                0x00000000                __heap_size = 0x0
                0x00000400                __stack_size = 0x400

.interrupts     0x00000000      0x188
                0x00000000                __vector_table = .
                0x00000000                . = ALIGN (0x4)
 *(.vectortable)
 .vectortable   0x00000000      0x188 ./Generated_Code/Vectors.o
                0x00000000                __vect_table
                0x00000188                . = ALIGN (0x4)

.cfmprotect     0x00000400       0x10
                0x00000400                . = ALIGN (0x4)
 *(.cfmconfig)
 .cfmconfig     0x00000400       0x10 ./Generated_Code/Cpu.o
                0x00000400                _cfm
                0x00000410                . = ALIGN (0x4)

.text           0x00000410      0x79c
                0x00000410                . = ALIGN (0x4)
 *(.text)
 .text          0x00000410       0x54 c:/freescale/kds_v3/toolchain/bin/../lib/gcc/arm-none-eabi/4.8.4/armv7e-m/fpu/crtbegin.o
 .text          0x00000464       0x74 c:/freescale/kds_v3/toolchain/bin/../lib/gcc/arm-none-eabi/4.8.4/../../../../arm-none-eabi/lib/armv7e-m/fpu/crt0.o
                0x00000464                _start
                0x00000464                _mainCRTStartup
 *(.text*)
 .text.Cpu_OnNMIINT
                0x000004d8        0xc ./Sources/Events.o
                0x000004d8                Cpu_OnNMIINT
 .text.main     0x000004e4       0x2c ./Sources/main.o
                0x000004e4                main
 .text.__copy_rom_section
                0x00000510       0xe4 ./Project_Settings/Startup_Code/startup.o
                0x00000510                __copy_rom_section
 .text.__copy_rom_sections_to_ram
                0x000005f4       0x9c ./Project_Settings/Startup_Code/startup.o
                0x000005f4                __copy_rom_sections_to_ram
 .text.__init_registers
                0x00000690       0x20 ./Project_Settings/Startup_Code/startup.o
                0x00000690                __init_registers
 .text.__init_user
                0x000006b0        0xc ./Project_Settings/Startup_Code/startup.o
                0x000006b0                __init_user
 .text.__thumb_startup
                0x000006bc       0x34 ./Project_Settings/Startup_Code/startup.o
                0x000006bc                __thumb_startup
 .text.BitIoLdd1_Init
                0x000006f0       0x64 ./Generated_Code/BitIoLdd1.o
                0x000006f0                BitIoLdd1_Init
 .text.BitIoLdd1_NegVal
                0x00000754       0x1c ./Generated_Code/BitIoLdd1.o
                0x00000754                BitIoLdd1_NegVal
 .text.BitIoLdd2_Init
                0x00000770       0x64 ./Generated_Code/BitIoLdd2.o
                0x00000770                BitIoLdd2_Init
 .text.BitIoLdd2_NegVal
                0x000007d4       0x20 ./Generated_Code/BitIoLdd2.o
                0x000007d4                BitIoLdd2_NegVal
 .text.Cpu_INT_NMIInterrupt
                0x000007f4       0x1c ./Generated_Code/Cpu.o
                0x000007f4                Cpu_INT_NMIInterrupt
 .text.Cpu_Interrupt
                0x00000810       0x18 ./Generated_Code/Cpu.o
                0x00000810                Cpu_Interrupt
 .text.__init_hardware
                0x00000828      0x11c ./Generated_Code/Cpu.o
                0x00000828                __init_hardware
 .text.Cpu_SetBASEPRI
                0x00000944       0x18 ./Generated_Code/Cpu.o
                0x00000944                Cpu_SetBASEPRI
 .text.PE_low_level_init
                0x0000095c       0xe0 ./Generated_Code/Cpu.o
                0x0000095c                PE_low_level_init
 .text.WAIT1_Wait10Cycles
                0x00000a3c        0x8 ./Generated_Code/WAIT1.o
                0x00000a3c                WAIT1_Wait10Cycles
 .text.WAIT1_Wait100Cycles
                0x00000a44       0x28 ./Generated_Code/WAIT1.o
                0x00000a44                WAIT1_Wait100Cycles
 .text.WAIT1_WaitCycles
                0x00000a6c       0x34 ./Generated_Code/WAIT1.o
                0x00000a6c                WAIT1_WaitCycles
 .text.WAIT1_WaitLongCycles
                0x00000aa0       0x38 ./Generated_Code/WAIT1.o
                0x00000aa0                WAIT1_WaitLongCycles
 .text.WAIT1_Waitms
                0x00000ad8       0x2c ./Generated_Code/WAIT1.o
                0x00000ad8                WAIT1_Waitms
 .text.exit     0x00000b04       0x28 c:/freescale/kds_v3/toolchain/bin/../lib/gcc/arm-none-eabi/4.8.4/../../../../arm-none-eabi/lib/armv7e-m/fpu\libg_s.a(lib_a-exit.o)
                0x00000b04                exit
 .text.__libc_init_array
                0x00000b2c       0x4c c:/freescale/kds_v3/toolchain/bin/../lib/gcc/arm-none-eabi/4.8.4/../../../../arm-none-eabi/lib/armv7e-m/fpu\libg_s.a(lib_a-init.o)
                0x00000b2c                __libc_init_array
 .text.memset   0x00000b78       0x10 c:/freescale/kds_v3/toolchain/bin/../lib/gcc/arm-none-eabi/4.8.4/../../../../arm-none-eabi/lib/armv7e-m/fpu\libg_s.a(lib_a-memset.o)
                0x00000b78                memset
 .text._exit    0x00000b88        0x4 c:/freescale/kds_v3/toolchain/bin/../lib/gcc/arm-none-eabi/4.8.4/../../../../arm-none-eabi/lib/armv7e-m/fpu\libnosys.a(_exit.o)
                0x00000b88                _exit
 *(.rodata)
 *(.rodata*)
 .rodata.str1.1
                0x00000b8c        0x2 c:/freescale/kds_v3/toolchain/bin/../lib/gcc/arm-none-eabi/4.8.4/../../../../arm-none-eabi/lib/armv7e-m/fpu\libg_s.a(lib_a-impure.o)
 *fill*         0x00000b8e        0x2 
 .rodata._global_impure_ptr
                0x00000b90        0x4 c:/freescale/kds_v3/toolchain/bin/../lib/gcc/arm-none-eabi/4.8.4/../../../../arm-none-eabi/lib/armv7e-m/fpu\libg_s.a(lib_a-impure.o)
                0x00000b90                _global_impure_ptr
 *(.glue_7)
 .glue_7        0x00000000        0x0 linker stubs
 *(.glue_7t)
 .glue_7t       0x00000000        0x0 linker stubs
 *(.eh_frame)
 .eh_frame      0x00000b94        0x0 c:/freescale/kds_v3/toolchain/bin/../lib/gcc/arm-none-eabi/4.8.4/armv7e-m/fpu/crtbegin.o
 *(.init)
 .init          0x00000b94        0x4 c:/freescale/kds_v3/toolchain/bin/../lib/gcc/arm-none-eabi/4.8.4/armv7e-m/fpu/crti.o
                0x00000b94                _init
 .init          0x00000b98        0x8 c:/freescale/kds_v3/toolchain/bin/../lib/gcc/arm-none-eabi/4.8.4/armv7e-m/fpu/crtn.o
 *(.fini)
 .fini          0x00000ba0        0x4 c:/freescale/kds_v3/toolchain/bin/../lib/gcc/arm-none-eabi/4.8.4/armv7e-m/fpu/crti.o
                0x00000ba0                _fini
 .fini          0x00000ba4        0x8 c:/freescale/kds_v3/toolchain/bin/../lib/gcc/arm-none-eabi/4.8.4/armv7e-m/fpu/crtn.o
                0x00000bac                . = ALIGN (0x4)
                0x00000bac                _etext = .

.vfp11_veneer   0x00000bac        0x0
 .vfp11_veneer  0x00000000        0x0 linker stubs

.v4_bx          0x00000bac        0x0
 .v4_bx         0x00000000        0x0 linker stubs

.iplt           0x00000bac        0x0
 .iplt          0x00000000        0x0 c:/freescale/kds_v3/toolchain/bin/../lib/gcc/arm-none-eabi/4.8.4/armv7e-m/fpu/crtbegin.o

.ARM.extab
 *(.ARM.extab* .gnu.linkonce.armextab.*)

.ARM            0x00000bac        0x8
                0x00000bac                __exidx_start = .
 *(.ARM.exidx*)
 .ARM.exidx     0x00000bac        0x8 c:/freescale/kds_v3/toolchain/bin/../lib/gcc/arm-none-eabi/4.8.4/../../../../arm-none-eabi/lib/armv7e-m/fpu/crt0.o
                0x00000bb4                __exidx_end = .

.rel.dyn        0x00000bb4        0x0
 .rel.iplt      0x00000000        0x0 c:/freescale/kds_v3/toolchain/bin/../lib/gcc/arm-none-eabi/4.8.4/armv7e-m/fpu/crtbegin.o

.ctors          0x00000bb4        0x0
                0x00000bb4                __CTOR_LIST__ = .
 *crtbegin.o(.ctors)
 *(EXCLUDE_FILE(*crtend.o) .ctors)
 *(SORT(.ctors.*))
 *(.ctors)
                0x00000bb4                __CTOR_END__ = .

.dtors          0x00000bb4        0x0
                0x00000bb4                __DTOR_LIST__ = .
 *crtbegin.o(.dtors)
 *(EXCLUDE_FILE(*crtend.o) .dtors)
 *(SORT(.dtors.*))
 *(.dtors)
                0x00000bb4                __DTOR_END__ = .

.preinit_array  0x00000bb4        0x0
                0x00000bb4                PROVIDE (__preinit_array_start, .)
 *(.preinit_array*)
                0x00000bb4                PROVIDE (__preinit_array_end, .)

.init_array     0x00000bb4        0x4
                0x00000bb4                PROVIDE (__init_array_start, .)
 *(SORT(.init_array.*))
 *(.init_array*)
 .init_array    0x00000bb4        0x4 c:/freescale/kds_v3/toolchain/bin/../lib/gcc/arm-none-eabi/4.8.4/armv7e-m/fpu/crtbegin.o
                0x00000bb8                PROVIDE (__init_array_end, .)

.fini_array     0x00000bb8        0x4
                0x00000bb8                PROVIDE (__fini_array_start, .)
 *(SORT(.fini_array.*))
 *(.fini_array*)
 .fini_array    0x00000bb8        0x4 c:/freescale/kds_v3/toolchain/bin/../lib/gcc/arm-none-eabi/4.8.4/armv7e-m/fpu/crtbegin.o
                0x00000bbc                PROVIDE (__fini_array_end, .)
                0x00000bbc                ___ROM_AT = .

.data           0x1fff8000       0x60 load address 0x00000bbc
                0x1fff8000                . = ALIGN (0x4)
                0x1fff8000                _sdata = .
 *(.data)
 *(.data*)
 .data.impure_data
                0x1fff8000       0x60 c:/freescale/kds_v3/toolchain/bin/../lib/gcc/arm-none-eabi/4.8.4/../../../../arm-none-eabi/lib/armv7e-m/fpu\libg_s.a(lib_a-impure.o)
                0x1fff8060                . = ALIGN (0x4)
                0x1fff8060                _edata = .
                0x00000060                ___data_size = (_edata - _sdata)
                0x00000c1c                ___m_data_20000000_ROMStart = (___ROM_AT + SIZEOF (.data))

.jcr            0x1fff8060        0x0 load address 0x00000c1c
 .jcr           0x1fff8060        0x0 c:/freescale/kds_v3/toolchain/bin/../lib/gcc/arm-none-eabi/4.8.4/armv7e-m/fpu/crtbegin.o

.igot.plt       0x1fff8060        0x0 load address 0x00000c1c
 .igot.plt      0x00000000        0x0 c:/freescale/kds_v3/toolchain/bin/../lib/gcc/arm-none-eabi/4.8.4/armv7e-m/fpu/crtbegin.o

.m_data_20000000
                0x20000000        0x0 load address 0x00000c1c
                0x20000000                . = ALIGN (0x4)
                0x20000000                ___m_data_20000000_RAMStart = .
 *(.m_data_20000000)
                0x20000000                ___m_data_20000000_RAMEnd = .
                0x20000000                . = ALIGN (0x4)
                0x00000000                ___m_data_20000000_ROMSize = (___m_data_20000000_RAMEnd - ___m_data_20000000_RAMStart)
                0x20000000                . = ALIGN (0x4)

.bss            0x1fff8060       0x2c load address 0x00000c1c
                0x1fff8060                __START_BSS = .
                0x1fff8060                PROVIDE (__bss_start__, __START_BSS)
 *(.bss)
 .bss           0x1fff8060       0x1c c:/freescale/kds_v3/toolchain/bin/../lib/gcc/arm-none-eabi/4.8.4/armv7e-m/fpu/crtbegin.o
 *(.bss*)
 .bss.DeviceDataPrv__DEFAULT_RTOS_ALLOC
                0x1fff807c        0x4 ./Generated_Code/BitIoLdd1.o
 .bss.DeviceDataPrv__DEFAULT_RTOS_ALLOC
                0x1fff8080        0x4 ./Generated_Code/BitIoLdd2.o
 .bss.PE_LDD_DeviceDataList
                0x1fff8084        0x8 ./Generated_Code/PE_LDD.o
                0x1fff8084                PE_LDD_DeviceDataList
 *(COMMON)
                0x1fff808c                . = ALIGN (0x4)
                0x1fff808c                __END_BSS = .
                0x1fff808c                PROVIDE (__bss_end__, __END_BSS)
                0x00000c1c                _romp_at = ((___ROM_AT + SIZEOF (.data)) + SIZEOF (.m_data_20000000))

.romp           0x1fff808c       0x24 load address 0x00000c1c
                0x00000c1c                __S_romp = _romp_at
                0x1fff808c        0x4 LONG 0xbbc ___ROM_AT
                0x1fff8090        0x4 LONG 0x1fff8000 _sdata
                0x1fff8094        0x4 LONG 0x60 ___data_size
                0x1fff8098        0x4 LONG 0xc1c ___m_data_20000000_ROMStart
                0x1fff809c        0x4 LONG 0x20000000 ___m_data_20000000_RAMStart
                0x1fff80a0        0x4 LONG 0x0 ___m_data_20000000_ROMSize
                0x1fff80a4        0x4 LONG 0x0
                0x1fff80a8        0x4 LONG 0x0
                0x1fff80ac        0x4 LONG 0x0
                0x00080000                text_end = (ORIGIN (m_text) + 0x7fbf0)
                0x00000c40                data_init_end = ((___m_data_20000000_ROMStart + SIZEOF (.m_data_20000000)) + SIZEOF (.romp))
                0x00000001                ASSERT ((data_init_end <= text_end), region m_text overflowed with text and data)

._user_heap_stack
                0x1fff80b0      0x400 load address 0x00000c40
                0x1fff80b0                . = ALIGN (0x4)
                0x1fff80b0                PROVIDE (end, .)
                0x1fff80b0                PROVIDE (_end, .)
                0x1fff80b0                PROVIDE (__end__, .)
                0x1fff80b0                __heap_addr = .
                0x1fff80b0                __HeapBase = .
                0x1fff80b0                . = (. + __heap_size)
                0x1fff80b0                __HeapLimit = .
                0x1fff84b0                . = (. + __stack_size)
 *fill*         0x1fff80b0      0x400 
                0x1fff84b0                . = ALIGN (0x4)

.ARM.attributes
                0x00000000       0x30
 *(.ARM.attributes)
 .ARM.attributes
                0x00000000       0x22 c:/freescale/kds_v3/toolchain/bin/../lib/gcc/arm-none-eabi/4.8.4/armv7e-m/fpu/crti.o
 .ARM.attributes
                0x00000022       0x34 c:/freescale/kds_v3/toolchain/bin/../lib/gcc/arm-none-eabi/4.8.4/armv7e-m/fpu/crtbegin.o
 .ARM.attributes
                0x00000056       0x20 c:/freescale/kds_v3/toolchain/bin/../lib/gcc/arm-none-eabi/4.8.4/../../../../arm-none-eabi/lib/armv7e-m/fpu/crt0.o
 .ARM.attributes
                0x00000076       0x39 ./Sources/Events.o
 .ARM.attributes
                0x000000af       0x39 ./Sources/main.o
 .ARM.attributes
                0x000000e8       0x39 ./Project_Settings/Startup_Code/startup.o
 .ARM.attributes
                0x00000121       0x39 ./Generated_Code/BitIoLdd1.o
 .ARM.attributes
                0x0000015a       0x39 ./Generated_Code/BitIoLdd2.o
 .ARM.attributes
                0x00000193       0x39 ./Generated_Code/Cpu.o
 .ARM.attributes
                0x000001cc       0x39 ./Generated_Code/PE_LDD.o
 .ARM.attributes
                0x00000205       0x39 ./Generated_Code/Vectors.o
 .ARM.attributes
                0x0000023e       0x39 ./Generated_Code/WAIT1.o
 .ARM.attributes
                0x00000277       0x34 c:/freescale/kds_v3/toolchain/bin/../lib/gcc/arm-none-eabi/4.8.4/../../../../arm-none-eabi/lib/armv7e-m/fpu\libg_s.a(lib_a-exit.o)
 .ARM.attributes
                0x000002ab       0x34 c:/freescale/kds_v3/toolchain/bin/../lib/gcc/arm-none-eabi/4.8.4/../../../../arm-none-eabi/lib/armv7e-m/fpu\libg_s.a(lib_a-impure.o)
 .ARM.attributes
                0x000002df       0x34 c:/freescale/kds_v3/toolchain/bin/../lib/gcc/arm-none-eabi/4.8.4/../../../../arm-none-eabi/lib/armv7e-m/fpu\libg_s.a(lib_a-init.o)
 .ARM.attributes
                0x00000313       0x34 c:/freescale/kds_v3/toolchain/bin/../lib/gcc/arm-none-eabi/4.8.4/../../../../arm-none-eabi/lib/armv7e-m/fpu\libg_s.a(lib_a-memset.o)
 .ARM.attributes
                0x00000347       0x34 c:/freescale/kds_v3/toolchain/bin/../lib/gcc/arm-none-eabi/4.8.4/../../../../arm-none-eabi/lib/armv7e-m/fpu\libnosys.a(_exit.o)
 .ARM.attributes
                0x0000037b       0x22 c:/freescale/kds_v3/toolchain/bin/../lib/gcc/arm-none-eabi/4.8.4/armv7e-m/fpu/crtn.o
OUTPUT(test_robot.elf elf32-littlearm)

.debug_info     0x00000000     0x1b86
 .debug_info    0x00000000       0x96 ./Sources/Events.o
 .debug_info    0x00000096       0xbd ./Sources/main.o
 .debug_info    0x00000153      0x3b0 ./Project_Settings/Startup_Code/startup.o
 .debug_info    0x00000503      0x369 ./Generated_Code/BitIoLdd1.o
 .debug_info    0x0000086c      0x369 ./Generated_Code/BitIoLdd2.o
 .debug_info    0x00000bd5      0xb06 ./Generated_Code/Cpu.o
 .debug_info    0x000016db      0x24d ./Generated_Code/PE_LDD.o
 .debug_info    0x00001928      0x10f ./Generated_Code/Vectors.o
 .debug_info    0x00001a37      0x14f ./Generated_Code/WAIT1.o

.debug_abbrev   0x00000000      0x8ed
 .debug_abbrev  0x00000000       0x45 ./Sources/Events.o
 .debug_abbrev  0x00000045       0x7a ./Sources/main.o
 .debug_abbrev  0x000000bf      0x189 ./Project_Settings/Startup_Code/startup.o
 .debug_abbrev  0x00000248      0x15f ./Generated_Code/BitIoLdd1.o
 .debug_abbrev  0x000003a7      0x15f ./Generated_Code/BitIoLdd2.o
 .debug_abbrev  0x00000506      0x185 ./Generated_Code/Cpu.o
 .debug_abbrev  0x0000068b      0x10d ./Generated_Code/PE_LDD.o
 .debug_abbrev  0x00000798       0xa4 ./Generated_Code/Vectors.o
 .debug_abbrev  0x0000083c       0xb1 ./Generated_Code/WAIT1.o

.debug_aranges  0x00000000      0x1f8
 .debug_aranges
                0x00000000       0x20 ./Sources/Events.o
 .debug_aranges
                0x00000020       0x20 ./Sources/main.o
 .debug_aranges
                0x00000040       0x50 ./Project_Settings/Startup_Code/startup.o
 .debug_aranges
                0x00000090       0x50 ./Generated_Code/BitIoLdd1.o
 .debug_aranges
                0x000000e0       0x50 ./Generated_Code/BitIoLdd2.o
 .debug_aranges
                0x00000130       0x40 ./Generated_Code/Cpu.o
 .debug_aranges
                0x00000170       0x30 ./Generated_Code/PE_LDD.o
 .debug_aranges
                0x000001a0       0x18 ./Generated_Code/Vectors.o
 .debug_aranges
                0x000001b8       0x40 ./Generated_Code/WAIT1.o

.debug_ranges   0x00000000      0x160
 .debug_ranges  0x00000000       0x10 ./Sources/Events.o
 .debug_ranges  0x00000010       0x10 ./Sources/main.o
 .debug_ranges  0x00000020       0x40 ./Project_Settings/Startup_Code/startup.o
 .debug_ranges  0x00000060       0x40 ./Generated_Code/BitIoLdd1.o
 .debug_ranges  0x000000a0       0x40 ./Generated_Code/BitIoLdd2.o
 .debug_ranges  0x000000e0       0x30 ./Generated_Code/Cpu.o
 .debug_ranges  0x00000110       0x20 ./Generated_Code/PE_LDD.o
 .debug_ranges  0x00000130       0x30 ./Generated_Code/WAIT1.o

.debug_macro    0x00000000    0x1f706
 .debug_macro   0x00000000      0x11e ./Sources/Events.o
 .debug_macro   0x0000011e      0x850 ./Sources/Events.o
 .debug_macro   0x0000096e       0x16 ./Sources/Events.o
 .debug_macro   0x00000984       0x44 ./Sources/Events.o
 .debug_macro   0x000009c8      0x209 ./Sources/Events.o
 .debug_macro   0x00000bd1     0x1760 ./Sources/Events.o
 .debug_macro   0x00002331      0x14e ./Sources/Events.o
 .debug_macro   0x0000247f       0x6a ./Sources/Events.o
 .debug_macro   0x000024e9     0xde57 ./Sources/Events.o
 .debug_macro   0x00010340       0x94 ./Sources/Events.o
 .debug_macro   0x000103d4       0x94 ./Sources/Events.o
 .debug_macro   0x00010468      0x12c ./Sources/Events.o
 .debug_macro   0x00010594       0x4c ./Sources/Events.o
 .debug_macro   0x000105e0       0x2d ./Sources/Events.o
 .debug_macro   0x0001060d       0x52 ./Sources/Events.o
 .debug_macro   0x0001065f       0x2d ./Sources/Events.o
 .debug_macro   0x0001068c       0x22 ./Sources/Events.o
 .debug_macro   0x000106ae       0x22 ./Sources/Events.o
 .debug_macro   0x000106d0       0x37 ./Sources/Events.o
 .debug_macro   0x00010707      0x11e ./Sources/main.o
 .debug_macro   0x00010825      0x121 ./Project_Settings/Startup_Code/startup.o
 .debug_macro   0x00010946       0x58 ./Project_Settings/Startup_Code/startup.o
 .debug_macro   0x0001099e       0x35 ./Project_Settings/Startup_Code/startup.o
 .debug_macro   0x000109d3       0xa3 ./Project_Settings/Startup_Code/startup.o
 .debug_macro   0x00010a76      0x166 ./Project_Settings/Startup_Code/startup.o
 .debug_macro   0x00010bdc       0x4a ./Project_Settings/Startup_Code/startup.o
 .debug_macro   0x00010c26       0x52 ./Project_Settings/Startup_Code/startup.o
 .debug_macro   0x00010c78       0x16 ./Project_Settings/Startup_Code/startup.o
 .debug_macro   0x00010c8e       0x43 ./Project_Settings/Startup_Code/startup.o
 .debug_macro   0x00010cd1      0x180 ./Project_Settings/Startup_Code/startup.o
 .debug_macro   0x00010e51      0x2a6 ./Project_Settings/Startup_Code/startup.o
 .debug_macro   0x000110f7       0x10 ./Project_Settings/Startup_Code/startup.o
 .debug_macro   0x00011107       0x35 ./Project_Settings/Startup_Code/startup.o
 .debug_macro   0x0001113c       0x16 ./Project_Settings/Startup_Code/startup.o
 .debug_macro   0x00011152       0x22 ./Project_Settings/Startup_Code/startup.o
 .debug_macro   0x00011174       0x10 ./Project_Settings/Startup_Code/startup.o
 .debug_macro   0x00011184      0x20f ./Project_Settings/Startup_Code/startup.o
 .debug_macro   0x00011393     0xde4b ./Project_Settings/Startup_Code/startup.o
 .debug_macro   0x0001f1de       0xa6 ./Generated_Code/BitIoLdd1.o
 .debug_macro   0x0001f284       0xa6 ./Generated_Code/BitIoLdd2.o
 .debug_macro   0x0001f32a      0x124 ./Generated_Code/Cpu.o
 .debug_macro   0x0001f44e       0xf8 ./Generated_Code/PE_LDD.o
 .debug_macro   0x0001f546      0x126 ./Generated_Code/Vectors.o
 .debug_macro   0x0001f66c       0x9a ./Generated_Code/WAIT1.o

.debug_line     0x00000000     0x1e0e
 .debug_line    0x00000000      0x321 ./Sources/Events.o
 .debug_line    0x00000321      0x333 ./Sources/main.o
 .debug_line    0x00000654      0x3c5 ./Project_Settings/Startup_Code/startup.o
 .debug_line    0x00000a19      0x306 ./Generated_Code/BitIoLdd1.o
 .debug_line    0x00000d1f      0x306 ./Generated_Code/BitIoLdd2.o
 .debug_line    0x00001025      0x463 ./Generated_Code/Cpu.o
 .debug_line    0x00001488      0x30c ./Generated_Code/PE_LDD.o
 .debug_line    0x00001794      0x3de ./Generated_Code/Vectors.o
 .debug_line    0x00001b72      0x29c ./Generated_Code/WAIT1.o

.debug_str      0x00000000    0x5be67
 .debug_str     0x00000000    0x58fea ./Sources/Events.o
                              0x59134 (size before relaxing)
 .debug_str     0x00058fea       0x3d ./Sources/main.o
                              0x59150 (size before relaxing)
 .debug_str     0x00059027     0x26ce ./Project_Settings/Startup_Code/startup.o
                              0x52a07 (size before relaxing)
 .debug_str     0x0005b6f5      0x17f ./Generated_Code/BitIoLdd1.o
                              0x589df (size before relaxing)
 .debug_str     0x0005b874       0xc2 ./Generated_Code/BitIoLdd2.o
                              0x589e1 (size before relaxing)
 .debug_str     0x0005b936      0x313 ./Generated_Code/Cpu.o
                              0x59524 (size before relaxing)
 .debug_str     0x0005bc49      0x17e ./Generated_Code/PE_LDD.o
                              0x592ea (size before relaxing)
 .debug_str     0x0005bdc7       0x1c ./Generated_Code/Vectors.o
                              0x5917c (size before relaxing)
 .debug_str     0x0005bde3       0x84 ./Generated_Code/WAIT1.o
                              0x57dd8 (size before relaxing)

.comment        0x00000000       0x70
 .comment       0x00000000       0x70 ./Sources/Events.o
                                 0x71 (size before relaxing)
 .comment       0x00000000       0x71 ./Sources/main.o
 .comment       0x00000000       0x71 ./Project_Settings/Startup_Code/startup.o
 .comment       0x00000000       0x71 ./Generated_Code/BitIoLdd1.o
 .comment       0x00000000       0x71 ./Generated_Code/BitIoLdd2.o
 .comment       0x00000000       0x71 ./Generated_Code/Cpu.o
 .comment       0x00000000       0x71 ./Generated_Code/PE_LDD.o
 .comment       0x00000000       0x71 ./Generated_Code/Vectors.o
 .comment       0x00000000       0x71 ./Generated_Code/WAIT1.o

.debug_frame    0x00000000      0x4e8
 .debug_frame   0x00000000       0x28 ./Sources/Events.o
 .debug_frame   0x00000028       0x2c ./Sources/main.o
 .debug_frame   0x00000054       0xc0 ./Project_Settings/Startup_Code/startup.o
 .debug_frame   0x00000114       0xd4 ./Generated_Code/BitIoLdd1.o
 .debug_frame   0x000001e8       0xd4 ./Generated_Code/BitIoLdd2.o
 .debug_frame   0x000002bc       0xa4 ./Generated_Code/Cpu.o
 .debug_frame   0x00000360       0x64 ./Generated_Code/PE_LDD.o
 .debug_frame   0x000003c4       0x90 ./Generated_Code/WAIT1.o
 .debug_frame   0x00000454       0x28 c:/freescale/kds_v3/toolchain/bin/../lib/gcc/arm-none-eabi/4.8.4/../../../../arm-none-eabi/lib/armv7e-m/fpu\libg_s.a(lib_a-exit.o)
 .debug_frame   0x0000047c       0x2c c:/freescale/kds_v3/toolchain/bin/../lib/gcc/arm-none-eabi/4.8.4/../../../../arm-none-eabi/lib/armv7e-m/fpu\libg_s.a(lib_a-init.o)
 .debug_frame   0x000004a8       0x20 c:/freescale/kds_v3/toolchain/bin/../lib/gcc/arm-none-eabi/4.8.4/../../../../arm-none-eabi/lib/armv7e-m/fpu\libg_s.a(lib_a-memset.o)
 .debug_frame   0x000004c8       0x20 c:/freescale/kds_v3/toolchain/bin/../lib/gcc/arm-none-eabi/4.8.4/../../../../arm-none-eabi/lib/armv7e-m/fpu\libnosys.a(_exit.o)
